[www.on3-step.com/tf/luxury/html/index-rev-slider.html]
[backblue.gif]
[fade.gif]
[index.html]
[www.on3-step.com/tf/luxury/html/img/favicon.png]
[www.on3-step.com/tf/luxury/html/css/bootstrap.min.css]
[www.on3-step.com/tf/luxury/html/css/jquery.dateselect.css]
[www.on3-step.com/tf/luxury/html/css/themify-icons.css]
[www.on3-step.com/tf/luxury/html/font-awesome/css/font-awesome.css]
[www.on3-step.com/tf/luxury/html/css/fullscreen.css]
[www.on3-step.com/tf/luxury/html/rs-plugin/css/settings.css]
[www.on3-step.com/tf/luxury/html/css/rev-settings.css]
[www.on3-step.com/tf/luxury/html/css/animated-on3step.css]
[www.on3-step.com/tf/luxury/html/css/owl.carousel.css]
[www.on3-step.com/tf/luxury/html/css/owl.theme.css]
[www.on3-step.com/tf/luxury/html/css/owl.transitions.css]
[www.on3-step.com/tf/luxury/html/css/on3step-style.css]
[www.on3-step.com/tf/luxury/html/css/queries-on3step.css]
[www.on3-step.com/tf/luxury/html/index.html]
[www.on3-step.com/tf/luxury/html/img/logo-white.png]
[www.on3-step.com/tf/luxury/html/img/logo-black.png]
[www.on3-step.com/tf/luxury/html/index-slider.html]
[www.on3-step.com/tf/luxury/html/index-2-column.html]
[www.on3-step.com/tf/luxury/html/index-onepage.html]
[www.on3-step.com/tf/luxury/html/intro/index.html]
[www.on3-step.com/tf/luxury/html/about.html]
[www.on3-step.com/tf/luxury/html/about-2.html]
[www.on3-step.com/tf/luxury/html/typography.html]
[www.on3-step.com/tf/luxury/html/service.html]
[www.on3-step.com/tf/luxury/html/service-1.html]
[www.on3-step.com/tf/luxury/html/room-detail.html]
[www.on3-step.com/tf/luxury/html/result.html]
[www.on3-step.com/tf/luxury/html/gallery-grid-2.html]
[www.on3-step.com/tf/luxury/html/gallery-grid-3.html]
[www.on3-step.com/tf/luxury/html/gallery-grid-4.html]
[www.on3-step.com/tf/luxury/html/blog.html]
[www.on3-step.com/tf/luxury/html/blog-post.html]
[www.on3-step.com/tf/luxury/html/contact.html]
[www.on3-step.com/tf/luxury/html/images-slider/img-slide-1.jpg]
[www.on3-step.com/tf/luxury/html/images-slider/img-slide-2.jpg]
[www.on3-step.com/tf/luxury/html/images-slider/img-slide-3.jpg]
[www.on3-step.com/tf/luxury/html/img/rooms/resto-room.jpg]
[www.on3-step.com/tf/luxury/html/img/rooms/com-room.jpg]
[www.on3-step.com/tf/luxury/html/img/rooms/rel-room.jpg]
[www.on3-step.com/tf/luxury/html/img/rooms/beach.jpg]
[www.on3-step.com/tf/luxury/html/img/subscribe-bg.jpg]
[www.on3-step.com/tf/luxury/html/img/recent/img1.jpg]
[www.on3-step.com/tf/luxury/html/img/recent/img2.jpg]
[www.on3-step.com/tf/luxury/html/img/recent/img3.jpg]
[www.on3-step.com/tf/luxury/html/img/bg-logo.jpg]
[www.on3-step.com/tf/luxury/html/img/ourclients/1.png]
[www.on3-step.com/tf/luxury/html/img/ourclients/2.png]
[www.on3-step.com/tf/luxury/html/img/ourclients/3.png]
[www.on3-step.com/tf/luxury/html/img/ourclients/4.png]
[www.on3-step.com/tf/luxury/html/img/ourclients/5.png]
[www.on3-step.com/tf/luxury/html/img/ourclients/6.png]
[www.on3-step.com/tf/luxury/html/img/logo.png]
[www.on3-step.com/tf/luxury/html/plugin/sticky.js]
[www.on3-step.com/tf/luxury/html/js/jquery.dateselect.js]
[www.on3-step.com/tf/luxury/html/js/on3step.js]
[www.on3-step.com/tf/luxury/html/js/plugin-set.js]
[www.on3-step.com/tf/luxury/html/index-rev-slider.html]
[www.on3-step.com/tf/luxury/html/rs-plugin/js/jquery.themepunch.revolution.min.js]
[www.on3-step.com/tf/luxury/html/css/bootstrap.min.css]
[www.on3-step.com/tf/luxury/html/css/jquery.dateselect.css]
[www.on3-step.com/tf/luxury/html/css/fonts/themify9f24.eot]
[www.on3-step.com/tf/luxury/html/css/fonts/themifyd41d.eot]
[www.on3-step.com/tf/luxury/html/css/fonts/themify9f24.woff]
[www.on3-step.com/tf/luxury/html/plugin/pluginson3step.js]
[www.on3-step.com/tf/luxury/html/css/fonts/themify9f24.ttf]
[www.on3-step.com/tf/luxury/html/css/themify-icons.css]
[www.on3-step.com/tf/luxury/html/css/fonts/themify9f24.svg]
[www.on3-step.com/tf/luxury/html/font-awesome/fonts/fontawesome-webfont3e6e.eot]
[www.on3-step.com/tf/luxury/html/font-awesome/fonts/fontawesome-webfontd41d.eot]
[www.on3-step.com/tf/luxury/html/font-awesome/fonts/fontawesome-webfont3e6e.woff2]
[www.on3-step.com/tf/luxury/html/font-awesome/fonts/fontawesome-webfont3e6e.woff]
[www.on3-step.com/tf/luxury/html/font-awesome/fonts/fontawesome-webfont3e6e.ttf]
[www.on3-step.com/tf/luxury/html/font-awesome/fonts/fontawesome-webfont3e6e.svg]
[www.on3-step.com/tf/luxury/html/font-awesome/css/font-awesome.css]
[www.on3-step.com/tf/luxury/html/css/fullscreen.css]
[www.on3-step.com/tf/luxury/html/rs-plugin/images/gradient/g30.png]
[www.on3-step.com/tf/luxury/html/rs-plugin/images/gradient/g40.png]
[www.on3-step.com/tf/luxury/html/rs-plugin/assets/shadow1.png]
[www.on3-step.com/tf/luxury/html/rs-plugin/assets/shadow2.png]
[www.on3-step.com/tf/luxury/html/rs-plugin/assets/shadow3.png]
[www.on3-step.com/tf/luxury/html/rs-plugin/assets/boxed_bgtile.png]
[www.on3-step.com/tf/luxury/html/rs-plugin/assets/navigdots_bgtile.png]
[www.on3-step.com/tf/luxury/html/rs-plugin/assets/bullet.png]
[www.on3-step.com/tf/luxury/html/rs-plugin/assets/bullets.png]
[www.on3-step.com/tf/luxury/html/rs-plugin/assets/bullets2.png]
[www.on3-step.com/tf/luxury/html/rs-plugin/assets/bullet_boxed.png]
[www.on3-step.com/tf/luxury/html/rs-plugin/assets/navigdots.png]
[www.on3-step.com/tf/luxury/html/rs-plugin/assets/large_left.png]
[www.on3-step.com/tf/luxury/html/rs-plugin/assets/large_right.png]
[www.on3-step.com/tf/luxury/html/rs-plugin/assets/small_left.png]
[www.on3-step.com/tf/luxury/html/rs-plugin/assets/small_right.png]
[www.on3-step.com/tf/luxury/html/rs-plugin/assets/arrow_left.png]
[www.on3-step.com/tf/luxury/html/rs-plugin/assets/arrow_right.png]
[www.on3-step.com/tf/luxury/html/rs-plugin/assets/small_left_boxed.png]
[www.on3-step.com/tf/luxury/html/rs-plugin/assets/small_right_boxed.png]
[www.on3-step.com/tf/luxury/html/rs-plugin/assets/arrowleft.png]
[www.on3-step.com/tf/luxury/html/rs-plugin/assets/arrowright.png]
[www.on3-step.com/tf/luxury/html/rs-plugin/assets/arrow_left2.png]
[www.on3-step.com/tf/luxury/html/rs-plugin/assets/arrow_right2.png]
[www.on3-step.com/tf/luxury/html/rs-plugin/assets/timer.png]
[www.on3-step.com/tf/luxury/html/rs-plugin/assets/coloredbg.png]
[www.on3-step.com/tf/luxury/html/rs-plugin/assets/loader.gif]
[www.on3-step.com/tf/luxury/html/rs-plugin/css/settings.css]
[www.on3-step.com/tf/luxury/html/css/rev-settings.css]
[www.on3-step.com/tf/luxury/html/css/animated-on3step.css]
[www.on3-step.com/tf/luxury/html/css/owl.carousel.css]
[www.on3-step.com/tf/luxury/html/css/owl.theme.css]
[www.on3-step.com/tf/luxury/html/css/owl.transitions.css]
[www.on3-step.com/tf/luxury/html/img/bg-1.jpg]
[www.on3-step.com/tf/luxury/html/img/bg-subheader.jpg]
[www.on3-step.com/tf/luxury/html/img/bg-2.jpg]
[www.on3-step.com/tf/luxury/html/img/bg-about.jpg]
[www.on3-step.com/tf/luxury/html/img/bg-about-1.jpg]
[www.on3-step.com/tf/luxury/html/img/step-bg.jpg]
[www.on3-step.com/tf/luxury/html/img/bg-widget.jpg]
[www.on3-step.com/tf/luxury/html/css/on3step-style.css]
[www.on3-step.com/tf/luxury/html/css/queries-on3step.css]
[www.on3-step.com/tf/luxury/html/img/bg-res.jpg]
[www.on3-step.com/tf/luxury/html/index.html]
[www.on3-step.com/tf/luxury/html/img/bg-3.jpg]
[www.on3-step.com/tf/luxury/html/img/bg-4.jpg]
[www.on3-step.com/tf/luxury/html/img/img-news.jpg]
[www.on3-step.com/tf/luxury/html/img/img-news1.jpg]
[www.on3-step.com/tf/luxury/html/img/img-news2.jpg]
[www.on3-step.com/tf/luxury/html/index-slider.html]
[www.on3-step.com/tf/luxury/html/index-2-column.html]
[www.on3-step.com/tf/luxury/html/img/projects/big/img1.jpg]
[www.on3-step.com/tf/luxury/html/img/projects/img1.jpg]
[www.on3-step.com/tf/luxury/html/img/projects/big/img2.jpg]
[www.on3-step.com/tf/luxury/html/img/projects/img2.jpg]
[www.on3-step.com/tf/luxury/html/img/projects/big/img3.jpg]
[www.on3-step.com/tf/luxury/html/img/projects/img3.jpg]
[www.on3-step.com/tf/luxury/html/img/projects/big/img4.jpg]
[www.on3-step.com/tf/luxury/html/img/projects/img4.jpg]
[www.on3-step.com/tf/luxury/html/img/projects/big/img5.jpg]
[www.on3-step.com/tf/luxury/html/img/projects/img5.jpg]
[www.on3-step.com/tf/luxury/html/img/projects/big/img6.jpg]
[www.on3-step.com/tf/luxury/html/img/projects/img6.jpg]
[www.on3-step.com/tf/luxury/html/plugin/parallax.min.js]
[www.on3-step.com/tf/luxury/html/js/map.js]
[www.on3-step.com/tf/luxury/html/index-onepage.html]
[www.on3-step.com/tf/luxury/html/js/nav.js]
[www.on3-step.com/tf/luxury/html/intro/css/bootstrap.min.css]
[www.on3-step.com/tf/luxury/html/intro/rs-plugin/css/settings.css]
[www.on3-step.com/tf/luxury/html/intro/css/rev-settings.css]
[www.on3-step.com/tf/luxury/html/intro/font-awesome/css/font-awesome.css]
[www.on3-step.com/tf/luxury/html/intro/css/intro-style.css]
[www.on3-step.com/tf/luxury/html/intro/image-intro/img-slide-1.jpg]
[www.on3-step.com/tf/luxury/html/intro/image-intro/logo.png]
[www.on3-step.com/tf/luxury/html/intro/image-intro/img-slide-2.jpg]
[www.on3-step.com/tf/luxury/html/intro/image-intro/line2.png]
[www.on3-step.com/tf/luxury/html/intro/image-intro/img-slide-4.jpg]
[www.on3-step.com/tf/luxury/html/intro/image-intro/img-slide-5.jpg]
[www.on3-step.com/tf/luxury/html/intro/image-intro/img-slide-6.jpg]
[www.on3-step.com/tf/luxury/html/intro/soundintro/musicintro.mp3]
[www.on3-step.com/tf/luxury/html/intro/index.html]
[www.on3-step.com/tf/luxury/html/about.html]
[www.on3-step.com/tf/luxury/html/about-2.html]
[www.on3-step.com/tf/luxury/html/typography.html]
[www.on3-step.com/tf/luxury/html/service.html]
[www.on3-step.com/tf/luxury/html/service-1.html]
[www.on3-step.com/tf/luxury/html/room-detail.html]
[www.on3-step.com/tf/luxury/html/result.html]
[www.on3-step.com/tf/luxury/html/gallery-grid-2.html]
[www.on3-step.com/tf/luxury/html/gallery-grid-3.html]
[www.on3-step.com/tf/luxury/html/gallery-grid-4.html]
[www.on3-step.com/tf/luxury/html/blog.html]
[www.on3-step.com/tf/luxury/html/blog-post.html]
[www.on3-step.com/tf/luxury/html/contact.html]
[www.on3-step.com/tf/luxury/html/fonts/glyphicons-halflings-regular.html]
[www.on3-step.com/tf/luxury/html/fonts/glyphicons-halflings-regulard41d.html]
[www.on3-step.com/tf/luxury/html/fonts/glyphicons-halflings-regular-2.html]
[www.on3-step.com/tf/luxury/html/fonts/glyphicons-halflings-regular-3.html]
[www.on3-step.com/tf/luxury/html/fonts/glyphicons-halflings-regular-4.html]
[www.on3-step.com/tf/luxury/html/fonts/glyphicons-halflings-regular-5.html]
[www.on3-step.com/tf/luxury/html/css/fonts/themify9f24.svg]
[www.on3-step.com/tf/luxury/html/font-awesome/fonts/fontawesome-webfont3e6e.svg]
[www.on3-step.com/tf/luxury/html/css/grabbing.html]
[www.on3-step.com/tf/luxury/html/css/AjaxLoader.html]
[www.on3-step.com/tf/luxury/html/img/devider.html]
[www.on3-step.com/tf/luxury/html/img/testi-bg.html]
[www.on3-step.com/tf/luxury/html/intro/css/bootstrap.min.css]
[www.on3-step.com/tf/luxury/html/intro/rs-plugin/css/settings.css]
[www.on3-step.com/tf/luxury/html/intro/css/rev-settings.css]
[www.on3-step.com/tf/luxury/html/intro/font-awesome/css/font-awesome.css]
[www.on3-step.com/tf/luxury/html/intro/css/intro-style.css]
[www.on3-step.com/tf/luxury/html/intro/soundintro/musicintro.mp3]
[www.on3-step.com/tf/luxury/html/intro/rs-plugin/js/jquery.themepunch.revolution.min.js]
[www.on3-step.com/tf/luxury/html/intro/rs-plugin/js/jquery.themepunch.tools.min.js]
[www.on3-step.com/tf/luxury/html/intro/mainintro/intro.js]
[www.on3-step.com/tf/luxury/html/img/team/img1.jpg]
[www.on3-step.com/tf/luxury/html/img/team/img2.jpg]
[www.on3-step.com/tf/luxury/html/img/team/img3.jpg]
[www.on3-step.com/tf/luxury/html/intro/plugin/pluginintro.js]
[www.on3-step.com/tf/luxury/html/img/blog/65x65/thumb1.jpg]
[www.on3-step.com/tf/luxury/html/img/blog/65x65/thumb2.jpg]
[www.on3-step.com/tf/luxury/html/img/blog/65x65/thumb3.jpg]
[www.on3-step.com/tf/luxury/html/plugin/bootstrap.min.js]
[www.on3-step.com/tf/luxury/html/img/rooms/img2.jpg]
[www.on3-step.com/tf/luxury/html/img/rooms/img1.jpg]
[www.on3-step.com/tf/luxury/html/img/rooms/img3.jpg]
[www.on3-step.com/tf/luxury/html/img/avatar.jpg]
[www.on3-step.com/tf/luxury/html/img/blog/img1.jpg]
[www.on3-step.com/tf/luxury/html/intro/rs-plugin/images/gradient/g40.png]
[www.on3-step.com/tf/luxury/html/intro/rs-plugin/images/gradient/g30.png]
[www.on3-step.com/tf/luxury/html/intro/rs-plugin/assets/shadow1.png]
[www.on3-step.com/tf/luxury/html/intro/rs-plugin/assets/shadow2.png]
[www.on3-step.com/tf/luxury/html/intro/rs-plugin/assets/shadow3.png]
[www.on3-step.com/tf/luxury/html/intro/rs-plugin/assets/boxed_bgtile.png]
[www.on3-step.com/tf/luxury/html/intro/rs-plugin/assets/navigdots_bgtile.png]
[www.on3-step.com/tf/luxury/html/intro/rs-plugin/assets/bullet.png]
[www.on3-step.com/tf/luxury/html/intro/rs-plugin/assets/bullets.png]
[www.on3-step.com/tf/luxury/html/intro/rs-plugin/assets/bullets2.png]
[www.on3-step.com/tf/luxury/html/intro/rs-plugin/assets/large_left.png]
[www.on3-step.com/tf/luxury/html/intro/rs-plugin/assets/navigdots.png]
[www.on3-step.com/tf/luxury/html/intro/rs-plugin/assets/bullet_boxed.png]
[www.on3-step.com/tf/luxury/html/intro/rs-plugin/assets/large_right.png]
[www.on3-step.com/tf/luxury/html/intro/rs-plugin/assets/small_left.png]
[www.on3-step.com/tf/luxury/html/intro/rs-plugin/assets/small_right.png]
[www.on3-step.com/tf/luxury/html/intro/rs-plugin/assets/arrow_left.png]
[www.on3-step.com/tf/luxury/html/intro/rs-plugin/assets/arrow_right.png]
[www.on3-step.com/tf/luxury/html/intro/rs-plugin/assets/small_left_boxed.png]
[www.on3-step.com/tf/luxury/html/intro/rs-plugin/assets/arrowright.png]
[www.on3-step.com/tf/luxury/html/intro/rs-plugin/assets/small_right_boxed.png]
[www.on3-step.com/tf/luxury/html/intro/rs-plugin/assets/arrowleft.png]
[www.on3-step.com/tf/luxury/html/intro/rs-plugin/assets/arrow_left2.png]
[www.on3-step.com/tf/luxury/html/intro/rs-plugin/assets/timer.png]
[www.on3-step.com/tf/luxury/html/intro/rs-plugin/assets/arrow_right2.png]
[www.on3-step.com/tf/luxury/html/intro/rs-plugin/assets/coloredbg.png]
[www.on3-step.com/tf/luxury/html/intro/rs-plugin/assets/loader.gif]
[www.on3-step.com/tf/luxury/html/intro/font-awesome/fonts/fontawesome-webfontd41d.eot]
[www.on3-step.com/tf/luxury/html/intro/font-awesome/fonts/fontawesome-webfont3e6e.woff2]
[www.on3-step.com/tf/luxury/html/intro/font-awesome/fonts/fontawesome-webfont3e6e.eot]
[www.on3-step.com/tf/luxury/html/intro/font-awesome/fonts/fontawesome-webfont3e6e.woff]
[www.on3-step.com/tf/luxury/html/intro/font-awesome/fonts/fontawesome-webfont3e6e.ttf]
[www.on3-step.com/tf/luxury/html/intro/font-awesome/fonts/fontawesome-webfont3e6e.svg]
[www.on3-step.com/tf/luxury/html/intro/image-intro/line1.png]
[www.on3-step.com/tf/luxury/html/intro/image-intro/img-slide-3.jpg]
[www.on3-step.com/tf/luxury/html/intro/fonts/glyphicons-halflings-regular.eot]
[www.on3-step.com/tf/luxury/html/intro/fonts/glyphicons-halflings-regulard41d.eot]
[www.on3-step.com/tf/luxury/html/intro/fonts/glyphicons-halflings-regular.woff2]
[www.on3-step.com/tf/luxury/html/intro/fonts/glyphicons-halflings-regular.woff]
[www.on3-step.com/tf/luxury/html/intro/fonts/glyphicons-halflings-regular.ttf]
[www.on3-step.com/tf/luxury/html/intro/fonts/glyphicons-halflings-regular.svg]
[www.on3-step.com/tf/luxury/html/intro/font-awesome/fonts/fontawesome-webfont3e6e.svg]
[www.jqueryscript.net/css/jquerysctipttop.css]
